Traceback (most recent call last):
  File "C:\Users\rendi\AppData\Roaming\Python\Python311\site-packages\jupyter_cache\executors\utils.py", line 58, in single_nb_execution
    executenb(
  File "C:\Users\rendi\AppData\Roaming\Python\Python311\site-packages\nbclient\client.py", line 1305, in execute
    return NotebookClient(nb=nb, resources=resources, km=km, **kwargs).execute()
           ^^^^^^^^^^^^^^^^^^^^^^^^^^^^^^^^^^^^^^^^^^^^^^^^^^^^^^^^^^^^^^^^^^^^^
  File "C:\Users\rendi\AppData\Roaming\Python\Python311\site-packages\jupyter_core\utils\__init__.py", line 165, in wrapped
    return loop.run_until_complete(inner)
           ^^^^^^^^^^^^^^^^^^^^^^^^^^^^^^
  File "C:\Program Files\Python311\Lib\asyncio\base_events.py", line 654, in run_until_complete
    return future.result()
           ^^^^^^^^^^^^^^^
  File "C:\Users\rendi\AppData\Roaming\Python\Python311\site-packages\nbclient\client.py", line 705, in async_execute
    await self.async_execute_cell(
  File "C:\Users\rendi\AppData\Roaming\Python\Python311\site-packages\nbclient\client.py", line 1058, in async_execute_cell
    await self._check_raise_for_error(cell, cell_index, exec_reply)
  File "C:\Users\rendi\AppData\Roaming\Python\Python311\site-packages\nbclient\client.py", line 914, in _check_raise_for_error
    raise CellExecutionError.from_cell_and_msg(cell, exec_reply_content)
nbclient.exceptions.CellExecutionError: An error occurred while executing the following cell:
------------------
import pandas as pd

df = pd.read_csv("data/IRIS.csv")
petal = df["petal_length"]

print("=== Statistik Deskriptif Petal Length ===\n")

print("Jumlah data        :", petal.count())
print("Rata-rata (Mean)   :", round(petal.mean(), 3))
print("Nilai minimum      :", petal.min())
print("Q1 (25%)           :", petal.quantile(0.25))
print("Median (Q2)        :", petal.quantile(0.50))
print("Q3 (75%)           :", petal.quantile(0.75))
print("Nilai maksimum     :", petal.max())

mode_value = petal.mode()[0]
mode_count = petal.value_counts()[mode_value]

print("Modus              :", mode_value)
print("Frekuensi modus    :", mode_count)

print("Standar deviasi    :", round(petal.std(), 3))
print("Variansi           :", round(petal.var(), 3))
------------------


[31m---------------------------------------------------------------------------[39m
[31mModuleNotFoundError[39m                       Traceback (most recent call last)
[36mCell[39m[36m [39m[32mIn[1][39m[32m, line 1[39m
[32m----> [39m[32m1[39m [38;5;28;01mimport[39;00m[38;5;250m [39m[34;01mpandas[39;00m[38;5;250m [39m[38;5;28;01mas[39;00m[38;5;250m [39m[34;01mpd[39;00m
[32m      3[39m df = pd.read_csv([33m"[39m[33mdata/IRIS.csv[39m[33m"[39m)
[32m      4[39m petal = df[[33m"[39m[33mpetal_length[39m[33m"[39m]

[31mModuleNotFoundError[39m: No module named 'pandas'

